WARNING: A restricted method in java.lang.System has been called
WARNING: java.lang.System::load has been called by net.rubygrapefruit.platform.internal.NativeLibraryLoader in an unnamed module (file:/C:/Users/Majora%20Computers/.gradle/wrapper/dists/gradle-8.6-bin/afr5mpiioh2wthjmwnkmdsd5w/gradle-8.6/lib/native-platform-0.22-milestone-25.jar)
WARNING: Use --enable-native-access=ALL-UNNAMED to avoid a warning for callers in this module
WARNING: Restricted methods will be blocked in a future release unless native access is enabled

Configuration on demand is an incubating feature.
> Task :app:clean
> Task :app:checkKotlinGradlePluginConfigurationErrors
> Task :app:preBuild UP-TO-DATE
> Task :app:preDebugBuild UP-TO-DATE
> Task :app:generateDebugResValues FROM-CACHE
> Task :app:generateDebugResources FROM-CACHE
> Task :app:dataBindingMergeDependencyArtifactsDebug
> Task :app:processDebugGoogleServices FROM-CACHE
> Task :app:mergeDebugResources FROM-CACHE
> Task :app:dataBindingGenBaseClassesDebug FROM-CACHE
> Task :app:dataBindingTriggerDebug
> Task :app:generateDebugBuildConfig FROM-CACHE
> Task :app:mergeDebugMlModels
> Task :app:generateDebugMlModelClass FROM-CACHE
> Task :app:mapDebugSourceSetPaths
> Task :app:createDebugCompatibleScreenManifests
> Task :app:extractDeepLinksDebug FROM-CACHE
> Task :app:checkDebugAarMetadata
> Task :app:processDebugMainManifest FROM-CACHE
> Task :app:processDebugManifest FROM-CACHE
> Task :app:processDebugManifestForPackage FROM-CACHE
> Task :app:processDebugResources FROM-CACHE
> Task :app:kspDebugKotlin FROM-CACHE

> Task :app:compileDebugKotlin FAILED
e: file:///C:/Users/Majora%20Computers/Desktop/BuyNow.-The-E-commerce-App/app/src/main/java/com/example/tamaade/ui/products/ProductViewModel.kt:28:61 Unresolved reference: getFavoriteItems
e: file:///C:/Users/Majora%20Computers/Desktop/BuyNow.-The-E-commerce-App/app/src/main/java/com/example/tamaade/ui/products/ProductViewModel.kt:30:18 Not enough information to infer type variable S
e: file:///C:/Users/Majora%20Computers/Desktop/BuyNow.-The-E-commerce-App/app/src/main/java/com/example/tamaade/ui/products/ProductViewModel.kt:30:28 Unresolved reference: it
e: file:///C:/Users/Majora%20Computers/Desktop/BuyNow.-The-E-commerce-App/app/src/main/java/com/example/tamaade/ui/products/ProductViewModel.kt:30:34 Cannot infer a type for this parameter. Please specify it explicitly.
e: file:///C:/Users/Majora%20Computers/Desktop/BuyNow.-The-E-commerce-App/app/src/main/java/com/example/tamaade/ui/products/ProductViewModel.kt:31:42 Unresolved reference: it
e: file:///C:/Users/Majora%20Computers/Desktop/BuyNow.-The-E-commerce-App/app/src/main/java/com/example/tamaade/ui/products/ProductViewModel.kt:46:35 Type mismatch: inferred type is List<com.example.tamaade.data.model.Product> but List<com.example.tamaade.data.remote.model.Product>? was expected
e: file:///C:/Users/Majora%20Computers/Desktop/BuyNow.-The-E-commerce-App/app/src/main/java/com/example/tamaade/ui/products/ProductViewModel.kt:57:48 Unresolved reference: getCategories
e: file:///C:/Users/Majora%20Computers/Desktop/BuyNow.-The-E-commerce-App/app/src/main/java/com/example/tamaade/ui/products/ProductViewModel.kt:66:24 Unresolved reference: addToCart
e: file:///C:/Users/Majora%20Computers/Desktop/BuyNow.-The-E-commerce-App/app/src/main/java/com/example/tamaade/ui/products/ProductViewModel.kt:72:28 Unresolved reference: isFavorite
e: file:///C:/Users/Majora%20Computers/Desktop/BuyNow.-The-E-commerce-App/app/src/main/java/com/example/tamaade/ui/products/ProductViewModel.kt:73:28 Unresolved reference: removeFromFavorites
e: file:///C:/Users/Majora%20Computers/Desktop/BuyNow.-The-E-commerce-App/app/src/main/java/com/example/tamaade/ui/products/ProductViewModel.kt:75:28 Unresolved reference: addToFavorites

FAILURE: Build failed with an exception.

* What went wrong:
Execution failed for task ':app:compileDebugKotlin'.
> A failure occurred while executing org.jetbrains.kotlin.compilerRunner.GradleCompilerRunnerWithWorkers$GradleKotlinCompilerWorkAction
   > Compilation error. See log for more details

* Try:
> Run with --stacktrace option to get the stack trace.
> Run with --info or --debug option to get more log output.
> Run with --scan to get full insights.
> Get more help at https://help.gradle.org.

BUILD FAILED in 14s
22 actionable tasks: 9 executed, 13 from cache
